...........::::::::::-----------------------------::::::::::::::::::::
..........:::::::------------------=====+# *++====----::::::::::::::::
.........:::::------------------======+++* : :%+=====----:::::::::::::
.......::::------------------=======+++*# .  .%*++=====-----::::::::::
......:::-----------------========++**#%.@@@@@%%*++++===------::::::::
.....:::---------------=======++*#%%%% .:@@@@@-. %#**##+=------:::::::
.....:---------------====+++++**%-@@%@@@@@@@@@@@@@#:-* :+=-------:::::
....:------------===+++++++***# ++@@@@@@@@@@@@@@@@@@@% *++=-------::::
....--------====+* %#########% --@@@@@@@@@@@@@@@@@@@@@- .+==-------:::
...:---======+++*#%:@#-= ==  .+@@@@@@@@@@@@@@@@@@@@@@@@-#+===------:::
...-=======++++*##-=-@@@@@@@-*@@@@@@@@@@@@@@@@@@@@@@@@@ #+===-------::
...=====+****#%.#-*@@@@@@@@@@@@@@@@@@@@@@@@@@@@@@@@@@@@#*+===-------::
...@@@@@@@@@@@@@@@@@@@@@@@@@@@@@@@@@@@@@@@@@@@@@@@@@%.%*++===-------::
...=====+****#%.#-*@@@@@@@@@@@@@@@@@@@@@@@@@@@@@@@@@@@@#*+===-------::
...-=======++++*##-=-@@@@@@@-*@@@@@@@@@@@@@@@@@@@@@@@@@ #+===-------::
...:---======+++*#%:@#-= ==  .+@@@@@@@@@@@@@@@@@@@@@@@@-#+===------:::
....--------====+* %#########% --@@@@@@@@@@@@@@@@@@@@@- .+==-------:::
....:------------===+++++++***# ++@@@@@@@@@@@@@@@@@@@% *++=-------::::
.....:---------------====+++++**%-@@%@@@@@@@@@@@@@#:-* :+=-------:::::
.....:::---------------=======++*#%%%% .:@@@@@-. %#**##+=------:::::::
......:::-----------------========++**#%.@@@@@%%*++++===------::::::::
.......::::------------------=======+++*# .  .%*++=====-----::::::::::
.........:::::------------------======+++* : :%+=====----:::::::::::::
..........:::::::------------------=====+# *++====----::::::::::::::::
exit: 0
